[PROCESS 6482] entered directory: /home/saleh/FUM/OS/project/1/test
[PROCESS 6482] entered directory: /home/saleh/FUM/OS/project/1/test
[PROCESS 6482] entered directory: /home/saleh/FUM/OS/project/1/test
[THREAD 140546814850752] read file: /home/saleh/FUM/OS/project/1/test/test1.txt
